<?xml version="1.0" encoding="UTF-8" standalone="no"?>
<testsuite failures="0" name="cucumber.runtime.formatter.JUnitFormatter" skipped="0" tests="10" time="18.780552">
<testcase classname="Test User Action" name="Login and Logout Success" time="7.149134">
<system-out><![CDATA[Given User is on Home Page..................................................passed
When User Navigate to LogIn Page............................................passed
And User enters UserName and Password.......................................passed
Then Message displayed Login Successfully...................................passed
]]></system-out>
</testcase>
<testcase classname="Test User Action" name="Login Failure with Wrong Username" time="0.659422">
<system-out><![CDATA[When User enters Wrong UserName.............................................passed
Then Message displayed Wrong Username.......................................passed
]]></system-out>
</testcase>
<testcase classname="Test User Action" name="Login Failure with Wrong Password" time="0.649888">
<system-out><![CDATA[When User enters Wrong Password.............................................passed
Then Message displayed Wrong Password.......................................passed
]]></system-out>
</testcase>
<testcase classname="Test User Action" name="Browser closed" time="0.009639">
<system-out><![CDATA[Then Browser is Getting Closed..............................................passed
]]></system-out>
</testcase>
<testcase classname="Test User Action" name="Mouse Hover Over Image 1" time="4.875064">
<system-out><![CDATA[Given User is on Home Page..................................................passed
When User Navigate to Hover Page............................................passed
And User hovers Image 1.....................................................passed
Then Message displayed User 1...............................................passed
]]></system-out>
</testcase>
<testcase classname="Test User Action" name="Mouse Hover Over Image 2" time="0.038011">
<system-out><![CDATA[When User hovers Image 2....................................................passed
Then Message displayed User 2...............................................passed
]]></system-out>
</testcase>
<testcase classname="Test User Action" name="Browser closed" time="0.009416">
<system-out><![CDATA[Then Browser is Getting Closed..............................................passed
]]></system-out>
</testcase>
<testcase classname="Test User Action" name="Arrange Table in Ascending order" time="5.293644">
<system-out><![CDATA[Given User is on Home Page..................................................passed
When User Navigate to Table Page............................................passed
And User Click Table First Time.............................................passed
Then User Gets Table in Ascending Order.....................................passed
]]></system-out>
</testcase>
<testcase classname="Test User Action" name="Arrange Table in Descending order" time="0.089162">
<system-out><![CDATA[When User Click Table Second Time...........................................passed
Then User Gets Table in Descending Order....................................passed
]]></system-out>
</testcase>
<testcase classname="Test User Action" name="Browser closed" time="0.007172">
<system-out><![CDATA[Then Browser is Getting Closed..............................................passed
]]></system-out>
</testcase>
</testsuite>
